[    0.000000] Linux version 4.15.0-212-generic (buildd@lcy02-amd64-083) (gcc version 7.5.0 (Ubuntu 7.5.0-3ubuntu1~18.04)) #223-Ubuntu SMP Tue May 23 13:09:22 UTC 2023 (Ubuntu 4.15.0-212.223-generic 4.15.18)
[    0.000000] Command line: BOOT_IMAGE=/boot/vmlinuz-4.15.0-212-generic root=LABEL=cloudimg-rootfs ro console=tty1 console=ttyS0
[    0.000000] KERNEL supported cpus:
[    0.000000]   Intel GenuineIntel
[    0.000000]   AMD AuthenticAMD
[    0.000000]   Centaur CentaurHauls
[    0.000000] [Firmware Bug]: TSC doesn't count with P0 frequency!
[    0.000000] x86/fpu: Supporting XSAVE feature 0x001: 'x87 floating point registers'
[    0.000000] x86/fpu: Supporting XSAVE feature 0x002: 'SSE registers'
[    0.000000] x86/fpu: Supporting XSAVE feature 0x004: 'AVX registers'
[    0.000000] x86/fpu: xstate_offset[2]:  576, xstate_sizes[2]:  256
[    0.000000] x86/fpu: Enabled xstate features 0x7, context size is 832 bytes, using 'standard' format.
[    0.000000] e820: BIOS-provided physical RAM map:
[    0.000000] BIOS-e820: [mem 0x0000000000000000-0x000000000009fbff] usable
[    0.000000] BIOS-e820: [mem 0x000000000009fc00-0x000000000009ffff] reserved
[    0.000000] BIOS-e820: [mem 0x00000000000f0000-0x00000000000fffff] reserved
[    0.000000] BIOS-e820: [mem 0x0000000000100000-0x000000003ffeffff] usable
[    0.000000] BIOS-e820: [mem 0x000000003fff0000-0x000000003fffffff] ACPI data
[    0.000000] BIOS-e820: [mem 0x00000000fec00000-0x00000000fec00fff] reserved
[    0.000000] BIOS-e820: [mem 0x00000000fee00000-0x00000000fee00fff] reserved
[    0.000000] BIOS-e820: [mem 0x00000000fffc0000-0x00000000ffffffff] reserved
[    0.000000] NX (Execute Disable) protection: active
[    0.000000] SMBIOS 2.5 present.
[    0.000000] DMI: innotek GmbH VirtualBox/VirtualBox, BIOS VirtualBox 12/01/2006
[    0.000000] Hypervisor detected: KVM
[    0.000000] e820: last_pfn = 0x3fff0 max_arch_pfn = 0x400000000
[    0.000000] MTRR: Disabled
[    0.000000] x86/PAT: MTRRs disabled, skipping PAT initialization too.
[    0.000000] CPU MTRRs all blank - virtualized system.
[    0.000000] x86/PAT: Configuration [0-7]: WB  WT  UC- UC  WB  WT  UC- UC  
[    0.000000] found SMP MP-table at [mem 0x0009fff0-0x0009ffff]
[    0.000000] Scanning 1 areas for low memory corruption
[    0.000000] RAMDISK: [mem 0x359cb000-0x36cdcfff]
[    0.000000] ACPI: Early table checksum verification disabled
[    0.000000] ACPI: RSDP 0x00000000000E0000 000024 (v02 VBOX  )
[    0.000000] ACPI: XSDT 0x000000003FFF0030 00003C (v01 VBOX   VBOXXSDT 00000001 ASL  00000061)
[    0.000000] ACPI: FACP 0x000000003FFF00F0 0000F4 (v04 VBOX   VBOXFACP 00000001 ASL  00000061)
[    0.000000] ACPI: DSDT 0x000000003FFF0610 002353 (v02 VBOX   VBOXBIOS 00000002 INTL 20100528)
[    0.000000] ACPI: FACS 0x000000003FFF0200 000040
[    0.000000] ACPI: FACS 0x000000003FFF0200 000040
[    0.000000] ACPI: APIC 0x000000003FFF0240 000054 (v02 VBOX   VBOXAPIC 00000001 ASL  00000061)
[    0.000000] ACPI: SSDT 0x000000003FFF02A0 00036C (v01 VBOX   VBOXCPUT 00000002 INTL 20100528)
[    0.000000] ACPI: Reserving FACP table memory at [mem 0x3fff00f0-0x3fff01e3]
[    0.000000] ACPI: Reserving DSDT table memory at [mem 0x3fff0610-0x3fff2962]
[    0.000000] ACPI: Reserving FACS table memory at [mem 0x3fff0200-0x3fff023f]
[    0.000000] ACPI: Reserving FACS table memory at [mem 0x3fff0200-0x3fff023f]
[    0.000000] ACPI: Reserving APIC table memory at [mem 0x3fff0240-0x3fff0293]
[    0.000000] ACPI: Reserving SSDT table memory at [mem 0x3fff02a0-0x3fff060b]
[    0.000000] No NUMA configuration found
[    0.000000] Faking a node at [mem 0x0000000000000000-0x000000003ffeffff]
[    0.000000] NODE_DATA(0) allocated [mem 0x3ffc5000-0x3ffeffff]
[    0.000000] kvm-clock: cpu 0, msr 0:3ff44001, primary cpu clock
[    0.000000] kvm-clock: Using msrs 4b564d01 and 4b564d00
[    0.000000] kvm-clock: using sched offset of 3432709625 cycles
[    0.000000] clocksource: kvm-clock: mask: 0xffffffffffffffff max_cycles: 0x1cd42e4dffb, max_idle_ns: 881590591483 ns
[    0.000000] Zone ranges:
[    0.000000]   DMA      [mem 0x0000000000001000-0x0000000000ffffff]
[    0.000000]   DMA32    [mem 0x0000000001000000-0x000000003ffeffff]
[    0.000000]   Normal   empty
[    0.000000]   Device   empty
[    0.000000] Movable zone start for each node
[    0.000000] Early memory node ranges
[    0.000000]   node   0: [mem 0x0000000000001000-0x000000000009efff]
[    0.000000]   node   0: [mem 0x0000000000100000-0x000000003ffeffff]
[    0.000000] Reserved but unavailable: 104 pages
[    0.000000] Initmem setup node 0 [mem 0x0000000000001000-0x000000003ffeffff]
[    0.000000] ACPI: PM-Timer IO Port: 0x4008
[    0.000000] IOAPIC[0]: apic_id 1, version 32, address 0xfec00000, GSI 0-23
[    0.000000] ACPI: INT_SRC_OVR (bus 0 bus_irq 0 global_irq 2 dfl dfl)
[    0.000000] ACPI: INT_SRC_OVR (bus 0 bus_irq 9 global_irq 9 low level)
[    0.000000] Using ACPI (MADT) for SMP configuration information
[    0.000000] smpboot: Allowing 1 CPUs, 0 hotplug CPUs
[    0.000000] PM: Registered nosave memory: [mem 0x00000000-0x00000fff]
[    0.000000] PM: Registered nosave memory: [mem 0x0009f000-0x0009ffff]
[    0.000000] PM: Registered nosave memory: [mem 0x000a0000-0x000effff]
[    0.000000] PM: Registered nosave memory: [mem 0x000f0000-0x000fffff]
[    0.000000] e820: [mem 0x40000000-0xfebfffff] available for PCI devices
[    0.000000] Booting paravirtualized kernel on KVM
[    0.000000] clocksource: refined-jiffies: mask: 0xffffffff max_cycles: 0xffffffff, max_idle_ns: 7645519600211568 ns
[    0.000000] setup_percpu: NR_CPUS:8192 nr_cpumask_bits:1 nr_cpu_ids:1 nr_node_ids:1
[    0.000000] percpu: Embedded 50 pages/cpu s167936 r8192 d28672 u2097152
[    0.000000] PV qspinlock hash table entries: 256 (order: 0, 4096 bytes)
[    0.000000] Built 1 zonelists, mobility grouping on.  Total pages: 257913
[    0.000000] Policy zone: DMA32
[    0.000000] Kernel command line: BOOT_IMAGE=/boot/vmlinuz-4.15.0-212-generic root=LABEL=cloudimg-rootfs ro console=tty1 console=ttyS0
[    0.000000] Memory: 982844K/1048120K available (12300K kernel code, 2477K rwdata, 4324K rodata, 2480K init, 2720K bss, 65276K reserved, 0K cma-reserved)
[    0.000000] SLUB: HWalign=64, Order=0-3, MinObjects=0, CPUs=1, Nodes=1
[    0.000000] ftrace: allocating 39508 entries in 155 pages
[    0.004000] Hierarchical RCU implementation.
[    0.004000] 	RCU restricting CPUs from NR_CPUS=8192 to nr_cpu_ids=1.
[    0.004000] 	Tasks RCU enabled.
[    0.004000] RCU: Adjusting geometry for rcu_fanout_leaf=16, nr_cpu_ids=1
[    0.004000] NR_IRQS: 524544, nr_irqs: 256, preallocated irqs: 16
[    0.004000] Console: colour VGA+ 80x25
[    0.004000] console [tty1] enabled
[    0.004000] console [ttyS0] enabled
[    0.004000] ACPI: Core revision 20170831
[    0.004000] ACPI: 2 ACPI AML tables successfully acquired and loaded
[    0.004000] APIC: Switch to symmetric I/O mode setup
[    0.004000] x2apic enabled
[    0.004000] Switched APIC routing to physical x2apic.
[    0.005351] ..TIMER: vector=0x30 apic1=0 pin1=2 apic2=-1 pin2=-1
[    0.008014] tsc: Detected 3593.470 MHz processor
[    0.009420] Calibrating delay loop (skipped) preset value.. 7186.94 BogoMIPS (lpj=14373880)
[    0.012003] pid_max: default: 32768 minimum: 301
[    0.013589] Security Framework initialized
[    0.014685] Yama: becoming mindful.
[    0.016050] AppArmor: AppArmor initialized
[    0.018582] Dentry cache hash table entries: 131072 (order: 8, 1048576 bytes)
[    0.020138] Inode-cache hash table entries: 65536 (order: 7, 524288 bytes)
[    0.024065] Mount-cache hash table entries: 2048 (order: 2, 16384 bytes)
[    0.028008] Mountpoint-cache hash table entries: 2048 (order: 2, 16384 bytes)
[    0.030836] CPU0: Hyper-Threading is disabled
[    0.032022] Last level iTLB entries: 4KB 512, 2MB 1024, 4MB 512
[    0.033517] Last level dTLB entries: 4KB 1024, 2MB 1024, 4MB 512, 1GB 0
[    0.035464] Spectre V1 : Mitigation: usercopy/swapgs barriers and __user pointer sanitization
[    0.036012] Spectre V2 : Mitigation: Retpolines
[    0.040003] Spectre V2 : Spectre v2 / SpectreRSB mitigation: Filling RSB on context switch
[    0.043625] Spectre V2 : Spectre v2 / SpectreRSB : Filling RSB on VMEXIT
[    0.044011] RETBleed: Vulnerable
[    0.066015] Freeing SMP alternatives memory: 36K
[    0.178995] smpboot: CPU0: AMD A10-7860K Radeon R7, 12 Compute Cores 4C+8G (family: 0x15, model: 0x38, stepping: 0x1)
[    0.180000] Performance Events: PMU not available due to virtualization, using software events only.
[    0.180090] Hierarchical SRCU implementation.
[    0.182369] NMI watchdog: Perf event create on CPU 0 failed with -2
[    0.184006] NMI watchdog: Perf NMI watchdog permanently disabled
[    0.185785] smp: Bringing up secondary CPUs ...
[    0.188013] smp: Brought up 1 node, 1 CPU
[    0.189214] smpboot: Max logical packages: 1
[    0.192005] smpboot: Total of 1 processors activated (7186.94 BogoMIPS)
[    0.194045] devtmpfs: initialized
[    0.194945] x86/mm: Memory block size: 128MB
[    0.196326] evm: security.selinux
[    0.197228] evm: security.SMACK64
[    0.198134] evm: security.SMACK64EXEC
[    0.199107] evm: security.SMACK64TRANSMUTE
[    0.200006] evm: security.SMACK64MMAP
[    0.201094] evm: security.apparmor
[    0.201899] evm: security.ima
[    0.202676] evm: security.capability
[    0.204391] clocksource: jiffies: mask: 0xffffffff max_cycles: 0xffffffff, max_idle_ns: 7645041785100000 ns
[    0.208047] futex hash table entries: 256 (order: 2, 16384 bytes)
[    0.209707] pinctrl core: initialized pinctrl subsystem
[    0.212052] RTC time: 13:59:13, date: 01/02/24
[    0.213376] NET: Registered protocol family 16
[    0.214618] audit: initializing netlink subsys (disabled)
[    0.216198] cpuidle: using governor ladder
[    0.217344] cpuidle: using governor menu
[    0.218675] audit: type=2000 audit(1704203958.349:1): state=initialized audit_enabled=0 res=1
[    0.220077] ACPI: bus type PCI registered
[    0.224015] acpiphp: ACPI Hot Plug PCI Controller Driver version: 0.5
[    0.226067] PCI: Using configuration type 1 for base access
[    0.227545] PCI: Using configuration type 1 for extended access
[    0.229455] HugeTLB registered 2.00 MiB page size, pre-allocated 0 pages
[    0.233240] ACPI: Added _OSI(Module Device)
[    0.234525] ACPI: Added _OSI(Processor Device)
[    0.236009] ACPI: Added _OSI(3.0 _SCP Extensions)
[    0.237281] ACPI: Added _OSI(Processor Aggregator Device)
[    0.240037] ACPI: Added _OSI(Linux-Dell-Video)
[    0.241638] ACPI: Added _OSI(Linux-Lenovo-NV-HDMI-Audio)
[    0.243136] ACPI: Added _OSI(Linux-HPI-Hybrid-Graphics)
[    0.244440] ACPI: Executed 1 blocks of module-level executable AML code
[    0.250791] ACPI: Interpreter enabled
[    0.252000] ACPI: (supports S0 S5)
[    0.252005] ACPI: Using IOAPIC for interrupt routing
[    0.254596] PCI: Using host bridge windows from ACPI; if necessary, use "pci=nocrs" and report a bug
[    0.256267] ACPI: Enabled 2 GPEs in block 00 to 07
[    0.267863] ACPI: PCI Root Bridge [PCI0] (domain 0000 [bus 00-ff])
[    0.268008] acpi PNP0A03:00: _OSC: OS supports [ExtendedConfig ASPM ClockPM Segments MSI]
[    0.273109] acpi PNP0A03:00: _OSC: platform does not support [PCIeCapability]
[    0.276512] acpi PNP0A03:00: _OSC: not requesting control; platform does not support [PCIeCapability]
[    0.280017] acpi PNP0A03:00: _OSC: OS requested [PCIeHotplug PME AER PCIeCapability]
[    0.282429] acpi PNP0A03:00: _OSC: platform willing to grant [PCIeHotplug PME AER]
[    0.284003] acpi PNP0A03:00: _OSC failed (AE_SUPPORT); disabling ASPM
[    0.289027] PCI host bridge to bus 0000:00
[    0.290474] pci_bus 0000:00: root bus resource [io  0x0000-0x0cf7 window]
[    0.292009] pci_bus 0000:00: root bus resource [io  0x0d00-0xffff window]
[    0.296003] pci_bus 0000:00: root bus resource [mem 0x000a0000-0x000bffff window]
[    0.298186] pci_bus 0000:00: root bus resource [mem 0x40000000-0xfdffffff window]
[    0.300005] pci_bus 0000:00: root bus resource [bus 00-ff]
[    0.306055] pci 0000:00:01.1: legacy IDE quirk: reg 0x10: [io  0x01f0-0x01f7]
[    0.308016] pci 0000:00:01.1: legacy IDE quirk: reg 0x14: [io  0x03f6]
[    0.310211] pci 0000:00:01.1: legacy IDE quirk: reg 0x18: [io  0x0170-0x0177]
[    0.312004] pci 0000:00:01.1: legacy IDE quirk: reg 0x1c: [io  0x0376]
[    0.350038] pci 0000:00:07.0: quirk: [io  0x4000-0x403f] claimed by PIIX4 ACPI
[    0.352016] pci 0000:00:07.0: quirk: [io  0x4100-0x410f] claimed by PIIX4 SMB
[    0.387638] ACPI: PCI Interrupt Link [LNKA] (IRQs 5 9 10 *11)
[    0.388457] ACPI: PCI Interrupt Link [LNKB] (IRQs 5 9 *10 11)
[    0.392227] ACPI: PCI Interrupt Link [LNKC] (IRQs 5 *9 10 11)
[    0.394255] ACPI: PCI Interrupt Link [LNKD] (IRQs 5 9 10 *11)
[    0.396578] SCSI subsystem initialized
[    0.397871] pci 0000:00:02.0: vgaarb: setting as boot VGA device
[    0.399942] pci 0000:00:02.0: vgaarb: VGA device added: decodes=io+mem,owns=io+mem,locks=none
[    0.400016] pci 0000:00:02.0: vgaarb: bridge control possible
[    0.402845] vgaarb: loaded
[    0.404097] ACPI: bus type USB registered
[    0.405507] usbcore: registered new interface driver usbfs
[    0.407320] usbcore: registered new interface driver hub
[    0.408018] usbcore: registered new device driver usb
[    0.409974] EDAC MC: Ver: 3.0.0
[    0.412388] PCI: Using ACPI for IRQ routing
[    0.414261] NetLabel: Initializing
[    0.415343] NetLabel:  domain hash size = 128
[    0.416008] NetLabel:  protocols = UNLABELED CIPSOv4 CALIPSO
[    0.420079] NetLabel:  unlabeled traffic allowed by default
[    0.421665] clocksource: Switched to clocksource kvm-clock
[    0.440831] VFS: Disk quotas dquot_6.6.0
[    0.442041] VFS: Dquot-cache hash table entries: 512 (order 0, 4096 bytes)
[    0.444323] AppArmor: AppArmor Filesystem Enabled
[    0.446078] pnp: PnP ACPI init
[    0.448447] pnp: PnP ACPI: found 3 devices
[    0.457134] clocksource: acpi_pm: mask: 0xffffff max_cycles: 0xffffff, max_idle_ns: 2085701024 ns
[    0.460078] NET: Registered protocol family 2
[    0.461913] IP idents hash table entries: 16384 (order: 5, 131072 bytes)
[    0.464073] TCP established hash table entries: 8192 (order: 4, 65536 bytes)
[    0.466550] TCP bind hash table entries: 8192 (order: 5, 131072 bytes)
[    0.469633] TCP: Hash tables configured (established 8192 bind 8192)
[    0.471960] UDP hash table entries: 512 (order: 2, 16384 bytes)
[    0.474179] UDP-Lite hash table entries: 512 (order: 2, 16384 bytes)
[    0.476436] NET: Registered protocol family 1
[    0.477775] pci 0000:00:00.0: Limiting direct PCI/PCI transfers
[    0.479890] pci 0000:00:01.0: Activating ISA DMA hang workarounds
[    0.482102] pci 0000:00:02.0: Video device with shadowed ROM at [mem 0x000c0000-0x000dffff]
[    0.486118] Unpacking initramfs...
[    0.831621] Freeing initrd memory: 19528K
[    0.833279] clocksource: tsc: mask: 0xffffffffffffffff max_cycles: 0x33cc3b2776f, max_idle_ns: 440795328277 ns
[    0.837640] platform rtc_cmos: registered platform RTC device (no PNP device found)
[    0.840508] Scanning for low memory corruption every 60 seconds
[    0.843208] Initialise system trusted keyrings
[    0.844770] Key type blacklist registered
[    0.846307] workingset: timestamp_bits=36 max_order=18 bucket_order=0
[    0.849869] zbud: loaded
[    0.851263] squashfs: version 4.0 (2009/01/31) Phillip Lougher
[    0.854424] fuse init (API version 7.26)
[    0.857029] Key type asymmetric registered
[    0.858520] Asymmetric key parser 'x509' registered
[    0.860390] Block layer SCSI generic (bsg) driver version 0.4 loaded (major 246)
[    0.862653] io scheduler noop registered
[    0.863797] io scheduler deadline registered
[    0.865412] io scheduler cfq registered (default)
[    0.867306] ACPI: AC Adapter [AC] (on-line)
[    0.869988] input: Power Button as /devices/LNXSYSTM:00/LNXPWRBN:00/input/input0
[    0.872289] ACPI: Power Button [PWRF]
[    0.873369] input: Sleep Button as /devices/LNXSYSTM:00/LNXSLPBN:00/input/input1
[    0.875472] ACPI: Sleep Button [SLPF]
[    0.877100] Serial: 8250/16550 driver, 32 ports, IRQ sharing enabled
[    0.899921] 00:02: ttyS0 at I/O 0x3f8 (irq = 4, base_baud = 115200) is a 16550A
[    0.905093] Linux agpgart interface v0.103
[    0.908063] loop: module loaded
[    0.909856] scsi host0: ata_piix
[    0.911087] scsi host1: ata_piix
[    0.912271] ata1: PATA max UDMA/33 cmd 0x1f0 ctl 0x3f6 bmdma 0xd000 irq 14
[    0.914586] ata2: PATA max UDMA/33 cmd 0x170 ctl 0x376 bmdma 0xd008 irq 15
[    0.917587] tun: Universal TUN/TAP device driver, 1.6
[    0.920417] PPP generic driver version 2.4.2
[    0.921929] ehci_hcd: USB 2.0 'Enhanced' Host Controller (EHCI) Driver
[    0.924212] ehci-pci: EHCI PCI platform driver
[    0.925669] ehci-platform: EHCI generic platform driver
[    0.927502] ohci_hcd: USB 1.1 'Open' Host Controller (OHCI) Driver
[    0.929568] ohci-pci: OHCI PCI platform driver
[    0.931168] ohci-platform: OHCI generic platform driver
[    0.933013] uhci_hcd: USB Universal Host Controller Interface driver
[    0.935351] i8042: PNP: PS/2 Controller [PNP0303:PS2K,PNP0f03:PS2M] at 0x60,0x64 irq 1,12
[    0.939118] serio: i8042 KBD port at 0x60,0x64 irq 1
[    0.940677] serio: i8042 AUX port at 0x60,0x64 irq 12
[    0.942203] mousedev: PS/2 mouse device common for all mice
[    0.943881] input: AT Translated Set 2 keyboard as /devices/platform/i8042/serio0/input/input2
[    0.947097] rtc_cmos rtc_cmos: rtc core: registered rtc_cmos as rtc0
[    0.949378] rtc_cmos rtc_cmos: alarms up to one day, 114 bytes nvram
[    0.951538] i2c /dev entries driver
[    0.954555] device-mapper: uevent: version 1.0.3
[    0.956561] device-mapper: ioctl: 4.37.0-ioctl (2017-09-20) initialised: dm-devel@redhat.com
[    0.959153] ledtrig-cpu: registered to indicate activity on CPUs
[    0.961521] x86/pm: family 0x15 cpu detected, MSR saving is needed during suspending.
[    0.964370] NET: Registered protocol family 10
[    0.970380] Segment Routing with IPv6
[    0.971550] NET: Registered protocol family 17
[    0.972871] Key type dns_resolver registered
[    0.974188] mce: Using 0 MCE banks
[    0.975358] RAS: Correctable Errors collector initialized.
[    0.977076] sched_clock: Marking stable (976909516, 0)->(1250457425, -273547909)
[    0.979498] registered taskstats version 1
[    0.980816] Loading compiled-in X.509 certificates
[    0.984741] Loaded X.509 cert 'Build time autogenerated kernel key: b5b26778eaa3ab3a4a6cee031137706e947d12ad'
[    0.989644] Loaded X.509 cert 'Canonical Ltd. Live Patch Signing: 14df34d1a87cf37625abec039ef2bf521249b969'
[    0.992969] Loaded X.509 cert 'Canonical Ltd. Kernel Module Signing: 88f752e560a1e0737e31163a466ad7b70a850c19'
[    0.995429] blacklist: Loading compiled-in revocation X.509 certificates
[    0.997324] Loaded X.509 cert 'Canonical Ltd. Secure Boot Signing: 61482aa2830d0ab2ad5af10b7250da9033ddcef0'
[    0.999835] Loaded X.509 cert 'Canonical Ltd. Secure Boot Signing (2017): 242ade75ac4a15e50d50c84b0d45ff3eae707a03'
[    1.003262] Loaded X.509 cert 'Canonical Ltd. Secure Boot Signing (ESM 2018): 365188c1d374d6b07c3c8f240f8ef722433d6a8b'
[    1.006552] Loaded X.509 cert 'Canonical Ltd. Secure Boot Signing (2019): c0746fd6c5da3ae827864651ad66ae47fe24b3e8'
[    1.009204] Loaded X.509 cert 'Canonical Ltd. Secure Boot Signing (2021 v1): a8d54bbb3825cfb94fa13c9f8a594a195c107b8d'
[    1.011883] Loaded X.509 cert 'Canonical Ltd. Secure Boot Signing (2021 v2): 4cf046892d6fd3c9a5b03f98d845f90851dc6a8c'
[    1.015089] Loaded X.509 cert 'Canonical Ltd. Secure Boot Signing (2021 v3): 100437bb6de6e469b581e61cd66bce3ef4ed53af'
[    1.018312] Loaded X.509 cert 'Canonical Ltd. Secure Boot Signing (Ubuntu Core 2019): c1d57b8f6b743f23ee41f4f7ee292f06eecadfb9'
[    1.022627] zswap: loaded using pool lzo/zbud
[    1.028624] Key type big_key registered
[    1.029928] Key type trusted registered
[    1.032747] Key type encrypted registered
[    1.034292] AppArmor: AppArmor sha1 policy hashing enabled
[    1.037482] ima: No TPM chip found, activating TPM-bypass! (rc=-19)
[    1.039775] ima: Allocated hash algorithm: sha1
[    1.041409] evm: HMAC attrs: 0x1
[    1.043027]   Magic number: 8:937:987
[    1.044424] machinecheck machinecheck0: hash matches
[    1.046257] rtc_cmos rtc_cmos: setting system clock to 2024-01-02 13:59:14 UTC (1704203954)
[    1.048940] BIOS EDD facility v0.16 2004-Jun-25, 0 devices found
[    1.050487] EDD information not available.
[    1.104740] Freeing unused kernel image memory: 2480K
[    1.112060] Write protecting the kernel read-only data: 20480k
[    1.114869] Freeing unused kernel image memory: 2008K
[    1.117315] Freeing unused kernel image memory: 1820K
[    1.127900] x86/mm: Checked W+X mappings: passed, no W+X pages found.
Loading, please wait...
starting version 237
[    1.259184] e1000: Intel(R) PRO/1000 Network Driver - version 7.3.21-k8-NAPI
[    1.261571] e1000: Copyright (c) 1999-2006 Intel Corporation.
[    1.273399] Fusion MPT base driver 3.04.20
[    1.274883] Copyright (c) 1999-2008 LSI Corporation
[    1.342138] Fusion MPT SPI Host driver 3.04.20
[    1.347072] AVX version of gcm_enc/dec engaged.
[    1.348675] AES CTR mode by8 optimization enabled
[    1.490112] input: ImExPS/2 Generic Explorer Mouse as /devices/platform/i8042/serio1/input/input4
[    1.763196] e1000 0000:00:03.0 eth0: (PCI:33MHz:32-bit) 02:3b:7b:b7:3b:2d
[    1.765168] e1000 0000:00:03.0 eth0: Intel(R) PRO/1000 Network Connection
[    1.768037] mptbase: ioc0: Initiating bringup
[    1.876272] ioc0: LSI53C1030 A0: Capabilities={Initiator}
[    2.117621] scsi host2: ioc0: LSI53C1030 A0, FwRev=00000000h, Ports=1, MaxQ=256, IRQ=20
[    2.288695] scsi 2:0:0:0: Direct-Access     VBOX     HARDDISK         1.0  PQ: 0 ANSI: 5
[    2.291851] scsi target2:0:0: Beginning Domain Validation
[    2.296544] scsi target2:0:0: Domain Validation skipping write tests
[    2.298401] scsi target2:0:0: Ending Domain Validation
[    2.300082] scsi target2:0:0: asynchronous
[    2.301862] scsi 2:0:1:0: Direct-Access     VBOX     HARDDISK         1.0  PQ: 0 ANSI: 5
[    2.304610] scsi target2:0:1: Beginning Domain Validation
[    2.308100] scsi target2:0:1: Domain Validation skipping write tests
[    2.310314] scsi target2:0:1: Ending Domain Validation
[    2.311907] scsi target2:0:1: asynchronous
[    2.318439] sd 2:0:0:0: [sda] 83886080 512-byte logical blocks: (42.9 GB/40.0 GiB)
[    2.321238] sd 2:0:0:0: [sda] Write Protect is off
[    2.322873] sd 2:0:0:0: Attached scsi generic sg0 type 0
[    2.326008] sd 2:0:0:0: [sda] Incomplete mode parameter data
[    2.327772] sd 2:0:0:0: [sda] Assuming drive cache: write through
[    2.334874] sd 2:0:1:0: Attached scsi generic sg1 type 0
[    2.336715] sd 2:0:1:0: [sdb] 20480 512-byte logical blocks: (10.5 MB/10.0 MiB)
[    2.345032] sd 2:0:1:0: [sdb] Write Protect is off
[    2.346753] sd 2:0:1:0: [sdb] Incomplete mode parameter data
[    2.348327] sd 2:0:1:0: [sdb] Assuming drive cache: write through
[    2.351300]  sda: sda1
[    2.353859] sd 2:0:0:0: [sda] Attached SCSI disk
[    2.355380] sd 2:0:1:0: [sdb] Attached SCSI disk
[    2.762625] e1000 0000:00:08.0 eth1: (PCI:33MHz:32-bit) 08:00:27:4e:b5:88
[    2.765022] e1000 0000:00:08.0 eth1: Intel(R) PRO/1000 Network Connection
[    3.184718] e1000 0000:00:09.0 eth2: (PCI:33MHz:32-bit) 08:00:27:8e:f9:a6
[    3.187143] e1000 0000:00:09.0 eth2: Intel(R) PRO/1000 Network Connection
[    3.191588] e1000 0000:00:08.0 enp0s8: renamed from eth1
[    3.206358] e1000 0000:00:09.0 enp0s9: renamed from eth2
[    3.214569] e1000 0000:00:03.0 enp0s3: renamed from eth0
Begin: Loading essential drivers ... [    4.780306] raid6: sse2x1   gen()  6605 MB/s
[    4.828232] raid6: sse2x1   xor()  4318 MB/s
[    4.876279] raid6: sse2x2   gen()  8088 MB/s
[    4.924081] raid6: sse2x2   xor()  6412 MB/s
[    4.972320] raid6: sse2x4   gen()  6103 MB/s
[    5.020327] raid6: sse2x4   xor()  3543 MB/s
[    5.022047] raid6: using algorithm sse2x2 gen() 8088 MB/s
[    5.023513] raid6: .... xor() 6412 MB/s, rmw enabled
[    5.024958] raid6: using ssse3x2 recovery algorithm
[    5.028740] xor: automatically using best checksumming function   avx       
[    5.034409] async_tx: api initialized (async)
done.
Begin: Running /scripts/init-premount ... done.
Begin: Mounting root file system ... Begin: Running /scripts/local-top ... done.
Begin: Running /scripts/local-premount ... [    5.108202] Btrfs loaded, crc32c=crc32c-intel
Scanning for Btrfs filesystems
done.
Warning: fsck not present, so skipping root file system
[    5.154731] EXT4-fs (sda1): mounted filesystem with ordered data mode. Opts: (null)
done.
Begin: Running /scripts/local-bottom ... done.
Begin: Running /scripts/init-bottom ... done.
[    5.445573] ip_tables: (C) 2000-2006 Netfilter Core Team
[    5.464563] systemd[1]: systemd 237 running in system mode. (+PAM +AUDIT +SELINUX +IMA +APPARMOR +SMACK +SYSVINIT +UTMP +LIBCRYPTSETUP +GCRYPT +GNUTLS +ACL +XZ +LZ4 +SECCOMP +BLKID +ELFUTILS +KMOD -IDN2 +IDN -PCRE2 default-hierarchy=hybrid)
[    5.472952] systemd[1]: Detected virtualization oracle.
[    5.474603] systemd[1]: Detected architecture x86-64.

Welcome to [1mUbuntu 18.04.6 LTS[0m!

[    5.481970] systemd[1]: Set hostname to <ubuntu>.
[    5.487985] random: systemd: uninitialized urandom read (16 bytes read)
[    5.490382] systemd[1]: Initializing machine ID from random generator.
[    5.492738] systemd[1]: Installed transient /etc/machine-id file.
[    5.850956] random: systemd: uninitialized urandom read (16 bytes read)
[    5.854220] systemd[1]: Reached target Swap.
[[0;32m  OK  [0m] Reached target Swap.
[    5.856802] random: systemd: uninitialized urandom read (16 bytes read)
[    5.859705] systemd[1]: Created slice User and Session Slice.
[[0;32m  OK  [0m] Created slice User and Session Slice.
[    5.863098] systemd[1]: Reached target System Time Synchronized.
[[0;32m  OK  [0m] Reached target System Time Synchronized.
[    5.866467] systemd[1]: Reached target Mounting snaps.
[[0;32m  OK  [0m] Reached target Mounting snaps.
[[0;32m  OK  [0m] Set up automount Arbitrary Executabâ€¦rmats File System Automount Point.
[[0;32m  OK  [0m] Reached target Mounted snaps.
[[0;32m  OK  [0m] Started Forward Password Requests to Wall Directory Watch.
[[0;32m  OK  [0m] Created slice System Slice.
[[0;32m  OK  [0m] Listening on Journal Socket.
[[0;32m  OK  [0m] Listening on udev Kernel Socket.
[[0;32m  OK  [0m] Listening on LVM2 poll daemon socket.
[[0;32m  OK  [0m] Created slice system-serial\x2dgetty.slice.
         Starting Create list of required stâ€¦ce nodes for the current kernel...
         Starting Load Kernel Modules...
[[0;32m  OK  [0m] Listening on udev Control Socket.
         Mounting POSIX Message Queue File System...
[[0;32m  OK  [0m] Listening on Journal Audit Socket.
         Mounting Huge Pages File System...
[[0;32m  OK  [0m] Listening on Device-mapper event daemon FIFOs.
         Starting Uncomplicated firewall...
[    5.917358] Loading iSCSI transport class v2.0-870.
[[0;32m  OK  [0m] Listening on LVM2 metadata daemon socket.
         Starting Monitoring of LVM2 mirrorsâ€¦ng dmeventd or progress polling...[    5.930617] iscsi: registered transport (tcp)

[[0;32m  OK  [0m] Listening on Journal Socket (/dev/log).
         Mounting Kernel Debug File System...
[[0;32m  OK  [0m] Listening on Syslog Socket.
         Starting Journal Service...
[[0;32m  OK  [0m] Listening on /dev/initctl Compatibility Named Pipe.
[[0;32m  OK  [0m] Listening on fsck to fsckd communication Socket.
         Starting File System Check on Root Device...
[[0;32m  OK  [0m] Reached target Slices.
[[0;32m  OK  [0m] Listening on Network Service Netlink Socket.
[    6.029955] iscsi: registered transport (iser)
[[0;32m  OK  [0m] Reached target User and Group Name Lookups.
         Starting udev Coldplug all Devices...
         Starting Set the console keyboard layout...
[[0;32m  OK  [0m] Started Journal Service.
[[0;32m  OK  [0m] Started Create list of required staâ€¦vice nodes for the current kernel.
[[0;32m  OK  [0m] Started Load Kernel Modules.
[[0;32m  OK  [0m] Mounted POSIX Message Queue File System.
[[0;32m  OK  [0m] Mounted Huge Pages File System.
[[0;32m  OK  [0m] Started Uncomplicated firewall.
[[0;32m  OK  [0m] Mounted Kernel Debug File System.
[[0;32m  OK  [0m] Started File System Check Daemon to report status.
         Starting Apply Kernel Variables...
         Mounting FUSE Control File System...
         Mounting Kernel Configuration File System...
         Starting Create Static Device Nodes in /dev...
[[0;32m  OK  [0m] Mounted FUSE Control File System.
[[0;32m  OK  [0m] Mounted Kernel Configuration File System.
[[0;32m  OK  [0m] Started File System Check on Root Device.
         Starting Remount Root and Kernel File Systems...
[[0;32m  OK  [0m] Started LVM2 metadata daemon.
[[0;32m  OK  [0m] Started Create Static Device Nodes in /dev.
[[0;32m  OK  [0m] Started udev Coldplug all Devices.
[[0;32m  OK  [0m] Started Remount Root and Kernel File Systems.
         Starting Flush Journal to Persistent Storage...
         Starting Load/Save Random Seed...
         Starting udev Kernel Device Manager...
[[0;32m  OK  [0m] Started Monitoring of LVM2 mirrors,â€¦sing dmeventd or progress polling.
[[0;32m  OK  [0m] Started Apply Kernel Variables.
[[0;32m  OK  [0m] Started Load/Save Random Seed.
[[0;32m  OK  [0m] Started udev Kernel Device Manager.
[[0;32m  OK  [0m] Started Flush Journal to Persistent Storage.
[[0;32m  OK  [0m] Found device /dev/ttyS0.
[[0;32m  OK  [0m] Listening on Load/Save RF Kill Switch Status /dev/rfkill Watch.
         Mounting Arbitrary Executable File Formats File System...
[[0;32m  OK  [0m] Mounted Arbitrary Executable File Formats File System.
[[0;32m  OK  [0m] Started Set the console keyboard layout.
[[0;32m  OK  [0m] Started Dispatch Password Requests to Console Directory Watch.
[[0;32m  OK  [0m] Reached target Local Encrypted Volumes.
[[0;32m  OK  [0m] Reached target Local File Systems (Pre).
[[0;32m  OK  [0m] Reached target Local File Systems.
         Starting AppArmor initialization...
         Starting Commit a transient machine-id on disk...
         Starting Tell Plymouth To Write Out Runtime Data...
         Starting ebtables ruleset management...
         Starting Set console font and keymap...
         Starting Create Volatile Files and Directories...
[[0;32m  OK  [0m] Started Tell Plymouth To Write Out Runtime Data.
[[0;32m  OK  [0m] Started Commit a transient machine-id on disk.
[[0;32m  OK  [0m] Started Create Volatile Files and Directories.
         Starting Update UTMP about System Boot/Shutdown...
[[0;32m  OK  [0m] Started Update UTMP about System Boot/Shutdown.
[[0;32m  OK  [0m] Started ebtables ruleset management.
[[0;32m  OK  [0m] Started Set console font and keymap.
[[0;32m  OK  [0m] Started AppArmor initialization.
         Starting Load AppArmor profiles managed internally by snapd...
         Starting Initial cloud-init job (pre-networking)...
[[0;32m  OK  [0m] Started Load AppArmor profiles managed internally by snapd.
[   12.489346] cloud-init[789]: Cloud-init v. 23.1.2-0ubuntu0~18.04.1 running 'init-local' at Tue, 02 Jan 2024 13:59:25 +0000. Up 12.01 seconds.
[[0;32m  OK  [0m] Started Initial cloud-init job (pre-networking).
[[0;32m  OK  [0m] Reached target Network (Pre).
         Starting Network Service...
[[0;32m  OK  [0m] Started Network Service.
         Starting Wait for Network to be Configured...
         Starting Network Name Resolution...
[[0;32m  OK  [0m] Started Network Name Resolution.
[[0;32m  OK  [0m] Reached target Host and Network Name Lookups.
[[0;32m  OK  [0m] Reached target Network.
[[0;32m  OK  [0m] Started Wait for Network to be Configured.
         Starting Initial cloud-init job (metadata service crawler)...
[   15.050248] cloud-init[865]: Cloud-init v. 23.1.2-0ubuntu0~18.04.1 running 'init' at Tue, 02 Jan 2024 13:59:28 +0000. Up 14.79 seconds.
[   15.054549] cloud-init[865]: ci-info: ++++++++++++++++++++++++++++++++++++++Net device info+++++++++++++++++++++++++++++++++++++++
[   15.061616] cloud-init[865]: ci-info: +--------+-------+----------------------------+---------------+--------+-------------------+
[   15.064634] cloud-init[865]: ci-info: | Device |   Up  |          Address           |      Mask     | Scope  |     Hw-Address    |
[   15.067094] cloud-init[865]: ci-info: +--------+-------+----------------------------+---------------+--------+-------------------+
[   15.071984] cloud-init[865]: ci-info: | enp0s3 |  True |         10.0.2.15          | 255.255.255.0 | global | 02:3b:7b:b7:3b:2d |
[   15.076699] cloud-init[865]: ci-info: | enp0s3 |  True | fe80::3b:7bff:feb7:3b2d/64 |       .       |  link  | 02:3b:7b:b7:3b:2d |
[   15.080047] cloud-init[865]: ci-info: | enp0s8 | False |             .              |       .       |   .    | 08:00:27:4e:b5:88 |
[   15.088724] cloud-init[865]: ci-info: | enp0s9 | False |             .              |       .       |   .    | 08:00:27:8e:f9:a6 |
[   15.092512] cloud-init[865]: ci-info: |   lo   |  True |         127.0.0.1          |   255.0.0.0   |  host  |         .         |
[   15.098936] cloud-init[865]: ci-info: |   lo   |  True |          ::1/128           |       .       |  host  |         .         |
[   15.104583] cloud-init[865]: ci-info: +--------+-------+----------------------------+---------------+--------+-------------------+
[   15.106941] cloud-init[865]: ci-info: ++++++++++++++++++++++++++++Route IPv4 info+++++++++++++++++++++++++++++
[   15.112124] cloud-init[865]: ci-info: +-------+-------------+----------+-----------------+-----------+-------+
[   15.116642] cloud-init[865]: ci-info: | Route | Destination | Gateway  |     Genmask     | Interface | Flags |
[   15.120344] cloud-init[865]: ci-info: +-------+-------------+----------+-----------------+-----------+-------+
[   15.124765] cloud-init[865]: ci-info: |   0   |   0.0.0.0   | 10.0.2.2 |     0.0.0.0     |   enp0s3  |   UG  |
[   15.130185] cloud-init[865]: ci-info: |   1   |   10.0.2.0  | 0.0.0.0  |  255.255.255.0  |   enp0s3  |   U   |
[   15.136311] cloud-init[865]: ci-info: |   2   |   10.0.2.2  | 0.0.0.0  | 255.255.255.255 |   enp0s3  |   UH  |
[   15.140553] cloud-init[865]: ci-info: +-------+-------------+----------+-----------------+-----------+-------+
[   15.144331] cloud-init[865]: ci-info: +++++++++++++++++++Route IPv6 info+++++++++++++++++++
[   15.148882] cloud-init[865]: ci-info: +-------+-------------+---------+-----------+-------+
[   15.151387] cloud-init[865]: ci-info: | Route | Destination | Gateway | Interface | Flags |
[   15.159686] cloud-init[865]: ci-info: +-------+-------------+---------+-----------+-------+
[   15.166364] cloud-init[865]: ci-info: |   1   |  fe80::/64  |    ::   |   enp0s3  |   U   |
[   15.172508] cloud-init[865]: ci-info: |   3   |    local    |    ::   |   enp0s3  |   U   |
[   15.176336] cloud-init[865]: ci-info: |   4   |   ff00::/8  |    ::   |   enp0s3  |   U   |
[   15.182135] cloud-init[865]: ci-info: +-------+-------------+---------+-----------+-------+
[   16.017008] cloud-init[865]: Generating public/private rsa key pair.
[   16.018734] cloud-init[865]: Your identification has been saved in /etc/ssh/ssh_host_rsa_key.
[   16.024996] cloud-init[865]: Your public key has been saved in /etc/ssh/ssh_host_rsa_key.pub.
[   16.027306] cloud-init[865]: The key fingerprint is:
[   16.028567] cloud-init[865]: SHA256:rJu2HxSl5Ird/yZt9V2NKNuHGT3ti9fqBULBB3H0rjE root@ubuntu-bionic
[   16.032422] cloud-init[865]: The key's randomart image is:
[   16.036415] cloud-init[865]: +---[RSA 2048]----+
[   16.040783] cloud-init[865]: |        . ..++o  |
[   16.042287] cloud-init[865]: |       o o  .o.. |
[   16.044634] cloud-init[865]: |        +   ..  .|
[   16.045643] cloud-init[865]: |     o + . .   . |
[   16.048470] cloud-init[865]: |    . o S   .oEoo|
[   16.052581] cloud-init[865]: |       o .. o.==+|
[   16.053468] cloud-init[865]: |      . . .= =.+=|
[   16.056745] cloud-init[865]: |      .o .o.B oo=|
[   16.060530] cloud-init[865]: |     .+o.  +.++o.|
[   16.061451] cloud-init[865]: +----[SHA256]-----+
[   16.064423] cloud-init[865]: Generating public/private dsa key pair.
[   16.068770] cloud-init[865]: Your identification has been saved in /etc/ssh/ssh_host_dsa_key.
[   16.070800] cloud-init[865]: Your public key has been saved in /etc/ssh/ssh_host_dsa_key.pub.
[   16.080795] cloud-init[865]: The key fingerprint is:
[   16.082525] cloud-init[865]: SHA256:+zPQN+okGqShg0WWhRrirTT737UD7bbhfe9CutvQ3Q8 root@ubuntu-bionic
[   16.089522] cloud-init[865]: The key's randomart image is:
[   16.090899] cloud-init[865]: +---[DSA 1024]----+
[   16.092671] cloud-init[865]: |   ..            |
[   16.096634] cloud-init[865]: |o .o             |
[   16.098060] cloud-init[865]: |oo=              |
[   16.100466] cloud-init[865]: |.* .             |
[   16.101838] cloud-init[865]: |. = . . S.       |
[   16.104798] cloud-init[865]: | = . + ..o. +.. .|
[   16.112483] cloud-init[865]: |. + . . =+.+ooE..|
[   16.113543] cloud-init[865]: |   o  .ooBB.oo ..|
[   16.114802] cloud-init[865]: |    .....==*+.+o.|
[   16.115921] cloud-init[865]: +----[SHA256]-----+
[   16.121451] cloud-init[865]: Generating public/private ecdsa key pair.
[   16.124529] cloud-init[865]: Your identification has been saved in /etc/ssh/ssh_host_ecdsa_key.
[   16.128416] cloud-init[865]: Your public key has been saved in /etc/ssh/ssh_host_ecdsa_key.pub.
[   16.132772] cloud-init[865]: The key fingerprint is:
[   16.133670] cloud-init[865]: SHA256:h8xj/FAl7/PyRoDmdrJy1SpIusGq6i3Y7x7dkjkdUQg root@ubuntu-bionic
[   16.135892] cloud-init[865]: The key's randomart image is:
[   16.140386] cloud-init[865]: +---[ECDSA 256]---+
[   16.141394] cloud-init[865]: |      E. .o .    |
[   16.142347] cloud-init[865]: |        .. +     |
[   16.144736] cloud-init[865]: |        . ...    |
[   16.148850] cloud-init[865]: |       + +o..    |
[   16.149932] cloud-init[865]: |        So. oo   |
[   16.152370] cloud-init[865]: |     o *.*+ ooo  |
[   16.153278] cloud-init[865]: |..  . Oooo.=.o.  |
[   16.156671] cloud-init[865]: |..o  o.+o + .o.  |
[   16.157784] cloud-init[865]: |ooo*= .. o . ..  |
[   16.160338] cloud-init[865]: +----[SHA256]-----+
[   16.164652] cloud-init[865]: Generating public/private ed25519 key pair.
[   16.168506] cloud-init[865]: Your identification has been saved in /etc/ssh/ssh_host_ed25519_key.
[   16.173054] cloud-init[865]: Your public key has been saved in /etc/ssh/ssh_host_ed25519_key.pub.
[   16.180620] cloud-init[865]: The key fingerprint is:
[   16.182256] cloud-init[865]: SHA256:5UxEj+ClqHOQYbGGbhlza3pubeg/HrJxvLj3eeKea2M root@ubuntu-bionic
[   16.189551] cloud-init[865]: The key's randomart image is:
[   16.197598] cloud-init[865]: +--[ED25519 256]--+
[   16.199805] cloud-init[865]: |    +.  ..+      |
[   16.201368] cloud-init[865]: |   o + o = o     |
[   16.204317] cloud-init[865]: |  + * . o + .    |
[   16.212467] cloud-init[865]: | . * +   =       |
[   16.216334] cloud-init[865]: |  + = . S o      |
[   16.217772] cloud-init[865]: | . o +           |
[   16.220634] cloud-init[865]: |  . +o+          |
[   16.224495] cloud-init[865]: |   oo*=oEo.      |
[   16.225309] cloud-init[865]: |   o**+BB=       |
[   16.228398] cloud-init[865]: +----[SHA256]-----+
[[0;32m  OK  [0m] Started Initial cloud-init job (metadata service crawler).
[[0;32m  OK  [0m] Reached target Network is Online.
         Starting Availability of block devices...
[[0;32m  OK  [0m] Reached target Remote File Systems (Pre).
[[0;32m  OK  [0m] Reached target Remote File Systems.
[[0;32m  OK  [0m] Reached target System Initialization.
[[0;32m  OK  [0m] Started Daily apt download activities.
[[0;32m  OK  [0m] Listening on Open-iSCSI iscsid Socket.
[[0;32m  OK  [0m] Started Discard unused blocks once a week.
[[0;32m  OK  [0m] Started Ubuntu Advantage Timer for running repeated jobs.
[[0;32m  OK  [0m] Started ACPI Events Check.
         Starting LXD - unix socket.
[[0;32m  OK  [0m] Started Daily apt upgrade and clean activities.
[[0;32m  OK  [0m] Listening on UUID daemon activation socket.
[[0;32m  OK  [0m] Listening on cloud-init hotplug hook socket.
[[0;32m  OK  [0m] Listening on D-Bus System Message Bus Socket.
[[0;32m  OK  [0m] Listening on ACPID Listen Socket.
[[0;32m  OK  [0m] Started Message of the Day.
         Starting Socket activation for snappy daemon.
[[0;32m  OK  [0m] Started Daily Cleanup of Temporary Directories.
[[0;32m  OK  [0m] Reached target Timers.
[[0;32m  OK  [0m] Reached target Paths.
[[0;32m  OK  [0m] Reached target Cloud-config availability.
[[0;32m  OK  [0m] Started Availability of block devices.
[[0;32m  OK  [0m] Listening on LXD - unix socket.
[[0;32m  OK  [0m] Listening on Socket activation for snappy daemon.
[[0;32m  OK  [0m] Reached target Sockets.
[[0;32m  OK  [0m] Reached target Basic System.
         Starting System Logging Service...
         Starting Virtualbox guest utils...
[[0;32m  OK  [0m] Started irqbalance daemon.
         Starting Login Service...
         Starting Dispatcher daemon for systemd-networkd...
[[0;32m  OK  [0m] Started Regular background program processing daemon.
[[0;32m  OK  [0m] Started D-Bus System Message Bus.
[[0;32m  OK  [0m] Started Login Service.
         Starting Pollinate to seed the pseudo random number generator...
         Starting LSB: automatic crash report generation...
         Starting LSB: Record successful boot for GRUB...
[[0;32m  OK  [0m] Started FUSE filesystem for LXC.
[[0;32m  OK  [0m] Reached target Login Prompts (Pre).
[[0;32m  OK  [0m] Started Unattended Upgrades Shutdown.
         Starting Snap Daemon...
[[0;32m  OK  [0m] Started Deferred execution scheduler.
         Starting Permit User Sessions...
         Starting Accounts Service...
         Starting LXD - container startup/shutdown...
[[0;32m  OK  [0m] Started System Logging Service.
[[0;32m  OK  [0m] Started Permit User Sessions.
         Starting Hold until boot process finishes up...
         Starting Terminate Plymouth Boot Screen...
[[0;32m  OK  [0m] Started Hold until boot process finishes up.
         Starting Set console scheme...
[[0;32m  OK  [0m] Started Serial Getty on ttyS0.
[[0;32m  OK  [0m] Started Terminate Plymouth Boot Screen.
[[0;32m  OK  [0m] Started Set console scheme.
[[0;32m  OK  [0m] Created slice system-getty.slice.
[[0;32m  OK  [0m] Started Getty on tty1.
[[0;32m  OK  [0m] Reached target Login Prompts.
[[0;32m  OK  [0m] Started LSB: Record successful boot for GRUB.
[[0;32m  OK  [0m] Started LSB: automatic crash report generation.
         Starting Authorization Manager...
[[0;32m  OK  [0m] Started Virtualbox guest utils.
[[0;32m  OK  [0m] Started Authorization Manager.
[[0;32m  OK  [0m] Started Accounts Service.
[[0;32m  OK  [0m] Started LXD - container startup/shutdown.
[[0;32m  OK  [0m] Started Dispatcher daemon for systemd-networkd.
[[0;32m  OK  [0m] Started Snap Daemon.
         Starting Wait until snapd is fully seeded...
         Starting Time & Date Service...
[[0;32m  OK  [0m] Started Time & Date Service.
[[0;32m  OK  [0m] Started Pollinate to seed the pseudo random number generator.
         Starting OpenBSD Secure Shell server...
[[0;32m  OK  [0m] Started OpenBSD Secure Shell server.
[[0;32m  OK  [0m] Created slice User Slice of vagrant.
[[0;32m  OK  [0m] Started Session 1 of user vagrant.
         Starting User Manager for UID 1000...
[[0;32m  OK  [0m] Started User Manager for UID 1000.

Ubuntu 18.04.6 LTS ubuntu-bionic ttyS0

ubuntu-bionic login: [   25.967127] cloud-init[1426]: Cloud-init v. 23.1.2-0ubuntu0~18.04.1 running 'modules:config' at Tue, 02 Jan 2024 13:59:38 +0000. Up 25.09 seconds.
ci-info: no authorized SSH keys fingerprints found for user ubuntu.
<14>Jan  2 13:59:40 cloud-init: #############################################################
<14>Jan  2 13:59:40 cloud-init: -----BEGIN SSH HOST KEY FINGERPRINTS-----
<14>Jan  2 13:59:40 cloud-init: 1024 SHA256:+zPQN+okGqShg0WWhRrirTT737UD7bbhfe9CutvQ3Q8 root@ubuntu-bionic (DSA)
<14>Jan  2 13:59:40 cloud-init: 256 SHA256:h8xj/FAl7/PyRoDmdrJy1SpIusGq6i3Y7x7dkjkdUQg root@ubuntu-bionic (ECDSA)
<14>Jan  2 13:59:40 cloud-init: 256 SHA256:5UxEj+ClqHOQYbGGbhlza3pubeg/HrJxvLj3eeKea2M root@ubuntu-bionic (ED25519)
<14>Jan  2 13:59:40 cloud-init: 2048 SHA256:rJu2HxSl5Ird/yZt9V2NKNuHGT3ti9fqBULBB3H0rjE root@ubuntu-bionic (RSA)
<14>Jan  2 13:59:40 cloud-init: -----END SSH HOST KEY FINGERPRINTS-----
<14>Jan  2 13:59:40 cloud-init: #############################################################
-----BEGIN SSH HOST KEY KEYS-----
ecdsa-sha2-nistp256 AAAAE2VjZHNhLXNoYTItbmlzdHAyNTYAAAAIbmlzdHAyNTYAAABBBB//SqqD6sVGPcRj0h8H4l/VpDkCqmkfpNhQ7vRTduNTBJCuSGpx5zJfzUfKwR+B7iKEydQOmAsXOj33NizFtIY= root@ubuntu-bionic
ssh-ed25519 AAAAC3NzaC1lZDI1NTE5AAAAINBoSVJzoPs7ZCIh2m83XqMFni3jOO0HoR9rMgyBvuBp root@ubuntu-bionic
ssh-rsa AAAAB3NzaC1yc2EAAAADAQABAAABAQDAUTBSHH02NYwlBP4ZSoQU9m3uJRCftrCHviArvjcgAfVXRYhfKSwCTIENe81h4LZdn3/dneAJ0GiX7sNfSUB5BTPap59tkVhrVFMmSkT6mzlIHfjaJQWzOEOrG1LR/foy9Z/11jDqaCdy2i2fLOB8cVmAX+vKFiWtcPQSA6GomqRz77Q8u/uGLLctkoEJNZZzmOyzeGdgZoav1hyKGpI56tGT6EAZWXyAhBVC3FveG9Rxn5kAXJFWRFz2S1rcOEFdAwNpwvKSaPMAj+cM3f/1SALWTDGGFy4Vi2w4zXWk/Ta8dhKbromZBJcdFAupcdMtoxkp0LwAuEqLQjlmCpJ9 root@ubuntu-bionic
-----END SSH HOST KEY KEYS-----
[   27.393958] cloud-init[1597]: Cloud-init v. 23.1.2-0ubuntu0~18.04.1 running 'modules:final' at Tue, 02 Jan 2024 13:59:40 +0000. Up 27.05 seconds.
[   27.397347] cloud-init[1597]: Cloud-init v. 23.1.2-0ubuntu0~18.04.1 finished at Tue, 02 Jan 2024 13:59:40 +0000. Datasource DataSourceNoCloud [seed=/dev/sdb][dsmode=net].  Up 27.37 seconds
